{
  "version": "1.5.0",
  "plugins_used": [
    {
      "name": "ArtifactoryDetector"
    },
    {
      "name": "AWSKeyDetector"
    },
    {
      "name": "AzureStorageKeyDetector"
    },
    {
      "name": "Base64HighEntropyString",
      "limit": 4.5
    },
    {
      "name": "BasicAuthDetector"
    },
    {
      "name": "CloudantDetector"
    },
    {
      "name": "DiscordBotTokenDetector"
    },
    {
      "name": "GitHubTokenDetector"
    },
    {
      "name": "GitLabTokenDetector"
    },
    {
      "name": "HexHighEntropyString",
      "limit": 3.0
    },
    {
      "name": "IbmCloudIamDetector"
    },
    {
      "name": "IbmCosHmacDetector"
    },
    {
      "name": "IPPublicDetector"
    },
    {
      "name": "JwtTokenDetector"
    },
    {
      "name": "KeywordDetector",
      "keyword_exclude": ""
    },
    {
      "name": "MailchimpDetector"
    },
    {
      "name": "NpmDetector"
    },
    {
      "name": "OpenAIDetector"
    },
    {
      "name": "PrivateKeyDetector"
    },
    {
      "name": "PypiTokenDetector"
    },
    {
      "name": "SendGridDetector"
    },
    {
      "name": "SlackDetector"
    },
    {
      "name": "SoftlayerDetector"
    },
    {
      "name": "SquareOAuthDetector"
    },
    {
      "name": "StripeDetector"
    },
    {
      "name": "TelegramBotTokenDetector"
    },
    {
      "name": "TwilioKeyDetector"
    }
  ],
  "filters_used": [
    {
      "path": "detect_secrets.filters.allowlist.is_line_allowlisted"
    },
    {
      "path": "detect_secrets.filters.common.is_baseline_file",
      "filename": ".secrets.baseline"
    },
    {
      "path": "detect_secrets.filters.common.is_ignored_due_to_verification_policies",
      "min_level": 2
    },
    {
      "path": "detect_secrets.filters.heuristic.is_indirect_reference"
    },
    {
      "path": "detect_secrets.filters.heuristic.is_likely_id_string"
    },
    {
      "path": "detect_secrets.filters.heuristic.is_lock_file"
    },
    {
      "path": "detect_secrets.filters.heuristic.is_not_alphanumeric_string"
    },
    {
      "path": "detect_secrets.filters.heuristic.is_potential_uuid"
    },
    {
      "path": "detect_secrets.filters.heuristic.is_prefixed_with_dollar_sign"
    },
    {
      "path": "detect_secrets.filters.heuristic.is_sequential_string"
    },
    {
      "path": "detect_secrets.filters.heuristic.is_swagger_file"
    },
    {
      "path": "detect_secrets.filters.heuristic.is_templated_secret"
    },
    {
      "path": "detect_secrets.filters.regex.should_exclude_file",
      "pattern": [
        "uv.lock|package-lock.json|.*\\.png"
      ]
    }
  ],
  "results": {
    "deploy/README.md": [
      {
        "type": "Secret Keyword",
        "filename": "deploy/README.md",
        "hashed_secret": "5cc6a5305870f01a557dda7096f07a044f1b97cf",
        "is_verified": false,
        "line_number": 92,
        "is_secret": false
      }
    ],
    "deploy/compose/README.md": [
      {
        "type": "Secret Keyword",
        "filename": "deploy/compose/README.md",
        "hashed_secret": "8d213c45c19ffee399a261f17202e0cc63db08dc",
        "is_verified": false,
        "line_number": 98,
        "is_secret": false
      }
    ],
    "deploy/compose/litellm/config.local.yaml": [
      {
        "type": "Secret Keyword",
        "filename": "deploy/compose/litellm/config.local.yaml",
        "hashed_secret": "07db03b4eef371b55ee656a334d69857b58a09da",
        "is_verified": false,
        "line_number": 10,
        "is_secret": false
      },
      {
        "type": "Secret Keyword",
        "filename": "deploy/compose/litellm/config.local.yaml",
        "hashed_secret": "c053ecf9ed41df0311b9df13cc6c3b6078d2d3c2",
        "is_verified": false,
        "line_number": 16,
        "is_secret": false
      }
    ],
    "deploy/compose/litellm/config.yaml": [
      {
        "type": "Secret Keyword",
        "filename": "deploy/compose/litellm/config.yaml",
        "hashed_secret": "c053ecf9ed41df0311b9df13cc6c3b6078d2d3c2",
        "is_verified": false,
        "line_number": 11,
        "is_secret": false
      }
    ],
    "deploy/kind/poc05/base/agent-sandbox/upstream-v1.0.5.yaml": [
      {
        "type": "Secret Keyword",
        "filename": "deploy/kind/poc05/base/agent-sandbox/upstream-v1.0.5.yaml",
        "hashed_secret": "1d1c5b713d29f1b743568c735bad3e936014e89e",
        "is_verified": false,
        "line_number": 98,
        "is_secret": false
      }
    ],
    "deploy/kind/poc05/platform/litellm/config.yaml": [
      {
        "type": "Secret Keyword",
        "filename": "deploy/kind/poc05/platform/litellm/config.yaml",
        "hashed_secret": "c053ecf9ed41df0311b9df13cc6c3b6078d2d3c2",
        "is_verified": false,
        "line_number": 15,
        "is_secret": false
      }
    ],
    "deploy/kind/poc05/platform/postgres.yaml": [
      {
        "type": "Secret Keyword",
        "filename": "deploy/kind/poc05/platform/postgres.yaml",
        "hashed_secret": "7aeaf7427201bdca662c7e69335e4cf4d32fdb2e",
        "is_verified": false,
        "line_number": 89,
        "is_secret": false
      }
    ],
    "deploy/kind/poc05/platform/valkey.yaml": [
      {
        "type": "Secret Keyword",
        "filename": "deploy/kind/poc05/platform/valkey.yaml",
        "hashed_secret": "c3126b5f35e05432d482fe08e072250cf62a0c10",
        "is_verified": false,
        "line_number": 98,
        "is_secret": false
      }
    ],
    "deploy/kind/poc05/remote/remote-echo.yaml": [
      {
        "type": "Secret Keyword",
        "filename": "deploy/kind/poc05/remote/remote-echo.yaml",
        "hashed_secret": "94879edc5481c13eb4b059113400b90737c683e6",
        "is_verified": false,
        "line_number": 14,
        "is_secret": false
      }
    ],
    "docs/guides/poc-04-how-it-works.md": [
      {
        "type": "Secret Keyword",
        "filename": "docs/guides/poc-04-how-it-works.md",
        "hashed_secret": "69e163f1876e7805f59fde89e39b0acba63e062b",
        "is_verified": false,
        "line_number": 71,
        "is_secret": false
      }
    ],
    "packages/chassis/src/chassis/adapters/litellm/client.py": [
      {
        "type": "Secret Keyword",
        "filename": "packages/chassis/src/chassis/adapters/litellm/client.py",
        "hashed_secret": "9854e3021a13c512b797972837462622115d2310",
        "is_verified": false,
        "line_number": 31,
        "is_secret": false
      }
    ],
    "packages/chassis/src/chassis/adapters/mcp/gateway.py": [
      {
        "type": "Secret Keyword",
        "filename": "packages/chassis/src/chassis/adapters/mcp/gateway.py",
        "hashed_secret": "9854e3021a13c512b797972837462622115d2310",
        "is_verified": false,
        "line_number": 51,
        "is_secret": false
      }
    ],
    "packages/chassis/tests/test_a2a_sidecar.py": [
      {
        "type": "Hex High Entropy String",
        "filename": "packages/chassis/tests/test_a2a_sidecar.py",
        "hashed_secret": "11d33efc2208b4c342269d8da7cde286f9681f0f",
        "is_verified": false,
        "line_number": 239,
        "is_secret": false
      }
    ],
    "packages/chassis/tests/test_a2a_trace.py": [
      {
        "type": "Hex High Entropy String",
        "filename": "packages/chassis/tests/test_a2a_trace.py",
        "hashed_secret": "11d33efc2208b4c342269d8da7cde286f9681f0f",
        "is_verified": false,
        "line_number": 32,
        "is_secret": false
      },
      {
        "type": "Hex High Entropy String",
        "filename": "packages/chassis/tests/test_a2a_trace.py",
        "hashed_secret": "e5372571206730bb694a51045f4d8e66f961a1ea",
        "is_verified": false,
        "line_number": 37,
        "is_secret": false
      }
    ],
    "packages/chassis/tests/test_anthropic_interface.py": [
      {
        "type": "Hex High Entropy String",
        "filename": "packages/chassis/tests/test_anthropic_interface.py",
        "hashed_secret": "11d33efc2208b4c342269d8da7cde286f9681f0f",
        "is_verified": false,
        "line_number": 42,
        "is_secret": false
      }
    ],
    "packages/chassis/tests/test_client_disconnect.py": [
      {
        "type": "Hex High Entropy String",
        "filename": "packages/chassis/tests/test_client_disconnect.py",
        "hashed_secret": "11d33efc2208b4c342269d8da7cde286f9681f0f",
        "is_verified": false,
        "line_number": 32,
        "is_secret": false
      }
    ],
    "packages/chassis/tests/test_correlation.py": [
      {
        "type": "Hex High Entropy String",
        "filename": "packages/chassis/tests/test_correlation.py",
        "hashed_secret": "11d33efc2208b4c342269d8da7cde286f9681f0f",
        "is_verified": false,
        "line_number": 20,
        "is_secret": false
      }
    ],
    "packages/chassis/tests/test_interfaces.py": [
      {
        "type": "Hex High Entropy String",
        "filename": "packages/chassis/tests/test_interfaces.py",
        "hashed_secret": "11d33efc2208b4c342269d8da7cde286f9681f0f",
        "is_verified": false,
        "line_number": 57,
        "is_secret": false
      }
    ],
    "packages/chassis/tests/test_litellm.py": [
      {
        "type": "Secret Keyword",
        "filename": "packages/chassis/tests/test_litellm.py",
        "hashed_secret": "404bd906aa687b0616c881ddbd92ffee4cfba91a",
        "is_verified": false,
        "line_number": 111,
        "is_secret": false
      },
      {
        "type": "Hex High Entropy String",
        "filename": "packages/chassis/tests/test_litellm.py",
        "hashed_secret": "d6b3c982c908b9e95a1d2e40047b0acc5dca0d16",
        "is_verified": false,
        "line_number": 209,
        "is_secret": false
      }
    ],
    "packages/chassis/tests/test_mcp_interface.py": [
      {
        "type": "Hex High Entropy String",
        "filename": "packages/chassis/tests/test_mcp_interface.py",
        "hashed_secret": "11d33efc2208b4c342269d8da7cde286f9681f0f",
        "is_verified": false,
        "line_number": 45,
        "is_secret": false
      }
    ],
    "packages/chassis/tests/test_model_proxy.py": [
      {
        "type": "Hex High Entropy String",
        "filename": "packages/chassis/tests/test_model_proxy.py",
        "hashed_secret": "11d33efc2208b4c342269d8da7cde286f9681f0f",
        "is_verified": false,
        "line_number": 186,
        "is_secret": false
      }
    ],
    "packages/chassis/tests/test_openai_interface.py": [
      {
        "type": "Hex High Entropy String",
        "filename": "packages/chassis/tests/test_openai_interface.py",
        "hashed_secret": "11d33efc2208b4c342269d8da7cde286f9681f0f",
        "is_verified": false,
        "line_number": 44,
        "is_secret": false
      },
      {
        "type": "Secret Keyword",
        "filename": "packages/chassis/tests/test_openai_interface.py",
        "hashed_secret": "9756161f8ab14a142b10f77de502b228877bdac9",
        "is_verified": false,
        "line_number": 73,
        "is_secret": false
      }
    ],
    "packages/chassis/tests/test_remote_auth.py": [
      {
        "type": "Hex High Entropy String",
        "filename": "packages/chassis/tests/test_remote_auth.py",
        "hashed_secret": "11d33efc2208b4c342269d8da7cde286f9681f0f",
        "is_verified": false,
        "line_number": 45,
        "is_secret": false
      }
    ],
    "packages/chassis/tests/test_remote_connector.py": [
      {
        "type": "Basic Auth Credentials",
        "filename": "packages/chassis/tests/test_remote_connector.py",
        "hashed_secret": "1a91d62f7ca67399625a4368a6ab5d4a3baa6073",
        "is_verified": false,
        "line_number": 259,
        "is_secret": false
      }
    ],
    "packages/chassis/tests/test_serve_failures.py": [
      {
        "type": "Secret Keyword",
        "filename": "packages/chassis/tests/test_serve_failures.py",
        "hashed_secret": "b0a594dd3c57acca038cbc1a7f8c60e0c9132ef2",
        "is_verified": false,
        "line_number": 51,
        "is_secret": false
      },
      {
        "type": "Secret Keyword",
        "filename": "packages/chassis/tests/test_serve_failures.py",
        "hashed_secret": "fe72967536aedcae9b1b1e4eaf2c53494e17a638",
        "is_verified": false,
        "line_number": 52,
        "is_secret": false
      }
    ],
    "packages/chassis/tests/test_state_contract.py": [
      {
        "type": "Basic Auth Credentials",
        "filename": "packages/chassis/tests/test_state_contract.py",
        "hashed_secret": "f3bbbd66a63d4bf1747940578ec3d0103530e21d",
        "is_verified": false,
        "line_number": 58,
        "is_secret": false
      }
    ],
    "packages/chassis/tests/test_tool_endpoint.py": [
      {
        "type": "Hex High Entropy String",
        "filename": "packages/chassis/tests/test_tool_endpoint.py",
        "hashed_secret": "11d33efc2208b4c342269d8da7cde286f9681f0f",
        "is_verified": false,
        "line_number": 43,
        "is_secret": false
      }
    ],
    "packages/chassis/tests/test_tool_gateway_contract.py": [
      {
        "type": "Base64 High Entropy String",
        "filename": "packages/chassis/tests/test_tool_gateway_contract.py",
        "hashed_secret": "8c9ac3d693ed3aa4f3d970e6c883b9d2f20487e5",
        "is_verified": false,
        "line_number": 34,
        "is_secret": false
      }
    ],
    "packages/chassis/tests/test_tool_idempotency.py": [
      {
        "type": "Hex High Entropy String",
        "filename": "packages/chassis/tests/test_tool_idempotency.py",
        "hashed_secret": "11d33efc2208b4c342269d8da7cde286f9681f0f",
        "is_verified": false,
        "line_number": 52,
        "is_secret": false
      },
      {
        "type": "Hex High Entropy String",
        "filename": "packages/chassis/tests/test_tool_idempotency.py",
        "hashed_secret": "db75f85500b58efe2dc5d0d5102133316f619150",
        "is_verified": false,
        "line_number": 53,
        "is_secret": false
      }
    ],
    "packages/chassis/tests/test_uncorrelated_cap.py": [
      {
        "type": "Hex High Entropy String",
        "filename": "packages/chassis/tests/test_uncorrelated_cap.py",
        "hashed_secret": "11d33efc2208b4c342269d8da7cde286f9681f0f",
        "is_verified": false,
        "line_number": 36,
        "is_secret": false
      }
    ],
    "packages/contract-suites/src/chassis_contracts/events.py": [
      {
        "type": "Secret Keyword",
        "filename": "packages/contract-suites/src/chassis_contracts/events.py",
        "hashed_secret": "b082e203991c85d706fd917d1df08c82e5d44513",
        "is_verified": false,
        "line_number": 34,
        "is_secret": false
      }
    ],
    "packages/workload-a2a/README.md": [
      {
        "type": "Secret Keyword",
        "filename": "packages/workload-a2a/README.md",
        "hashed_secret": "01d67acb5cc6b64d4c465a34758b2cce1368f85b",
        "is_verified": false,
        "line_number": 41,
        "is_secret": false
      },
      {
        "type": "Secret Keyword",
        "filename": "packages/workload-a2a/README.md",
        "hashed_secret": "9edc462394371ddcde5381905dff644ce7b5291b",
        "is_verified": false,
        "line_number": 42,
        "is_secret": false
      }
    ],
    "packages/workload-a2a/tests/test_workload_a2a_auth.py": [
      {
        "type": "Base64 High Entropy String",
        "filename": "packages/workload-a2a/tests/test_workload_a2a_auth.py",
        "hashed_secret": "2f8a4ba77437b620c7e8da4ef430ada307a9c84e",
        "is_verified": false,
        "line_number": 22,
        "is_secret": false
      },
      {
        "type": "Base64 High Entropy String",
        "filename": "packages/workload-a2a/tests/test_workload_a2a_auth.py",
        "hashed_secret": "dda89c78ae87da142e83bc4e913ef17c1479c0ad",
        "is_verified": false,
        "line_number": 23,
        "is_secret": false
      }
    ],
    "packages/workloads/echo-pydanticai/src/echo_pydanticai/handle.py": [
      {
        "type": "Secret Keyword",
        "filename": "packages/workloads/echo-pydanticai/src/echo_pydanticai/handle.py",
        "hashed_secret": "37eb9c34ac0ec3ef6bdf32d8c87e26328b188092",
        "is_verified": false,
        "line_number": 52,
        "is_secret": false
      }
    ],
    "pocs/poc-02-two-engines-one-contract/demo/2026-10-01-demo-sidecar.md": [
      {
        "type": "Hex High Entropy String",
        "filename": "pocs/poc-02-two-engines-one-contract/demo/2026-10-01-demo-sidecar.md",
        "hashed_secret": "ec673cecdaaff2492e3f3d55ee618af73be78de0",
        "is_verified": false,
        "line_number": 52,
        "is_secret": false
      }
    ],
    "pocs/poc-02-two-engines-one-contract/tests/test_boundaries.py": [
      {
        "type": "Secret Keyword",
        "filename": "pocs/poc-02-two-engines-one-contract/tests/test_boundaries.py",
        "hashed_secret": "b894b81be94cf8fa8d7536475aaec876addf05c8",
        "is_verified": false,
        "line_number": 191,
        "is_secret": false
      },
      {
        "type": "Secret Keyword",
        "filename": "pocs/poc-02-two-engines-one-contract/tests/test_boundaries.py",
        "hashed_secret": "c6b1882c749165f455d1ad94c1081d3dfeded309",
        "is_verified": false,
        "line_number": 265,
        "is_secret": false
      }
    ],
    "pocs/poc-03-one-interface-every-client/demo/2026-10-01-demo-interfaces.md": [
      {
        "type": "Hex High Entropy String",
        "filename": "pocs/poc-03-one-interface-every-client/demo/2026-10-01-demo-interfaces.md",
        "hashed_secret": "ec673cecdaaff2492e3f3d55ee618af73be78de0",
        "is_verified": false,
        "line_number": 143,
        "is_secret": false
      },
      {
        "type": "Hex High Entropy String",
        "filename": "pocs/poc-03-one-interface-every-client/demo/2026-10-01-demo-interfaces.md",
        "hashed_secret": "14dfac2bf125ee8c0bd7c8fcb70bf960b0f02f5e",
        "is_verified": false,
        "line_number": 189,
        "is_secret": false
      }
    ],
    "pocs/poc-05-sandboxed/notes/2026-10-02-review-security.md": [
      {
        "type": "Secret Keyword",
        "filename": "pocs/poc-05-sandboxed/notes/2026-10-02-review-security.md",
        "hashed_secret": "f5b4c65da4ee8c758311dcecb39c00f097f15ba7",
        "is_verified": false,
        "line_number": 288,
        "is_secret": false
      }
    ],
    "pocs/poc-05-sandboxed/tests/test_poc05_ci_wiring.py": [
      {
        "type": "Hex High Entropy String",
        "filename": "pocs/poc-05-sandboxed/tests/test_poc05_ci_wiring.py",
        "hashed_secret": "c934318ee972617b3d81ca90dc692323333ff5e8",
        "is_verified": false,
        "line_number": 260,
        "is_secret": false
      }
    ],
    "pocs/poc-05-sandboxed/tests/test_poc05_trust_config.py": [
      {
        "type": "Basic Auth Credentials",
        "filename": "pocs/poc-05-sandboxed/tests/test_poc05_trust_config.py",
        "hashed_secret": "1a91d62f7ca67399625a4368a6ab5d4a3baa6073",
        "is_verified": false,
        "line_number": 151,
        "is_secret": false
      }
    ]
  },
  "generated_at": "2026-10-09T10:28:45Z"
}
